PS E:\POS GRADUAÇÃO  UNIFECAF\grade nova\PROGRAMACAO BACK-END\PROJETO_CONTATOS_FECAF> ls


    Diretório: E:\POS GRADUAÇÃO  UNIFECAF\grade nova\PROGRAMACAO BACK-END\PROJETO_CONTATOS_FECAF


Mode                 LastWriteTime         Length Name
----                 -------------         ------ ----
d-----        22/02/2024     14:18                controller
d-----        20/02/2024     16:45                model
d-----        20/02/2024     14:22                node_modules
d-----        20/02/2024     14:58                prisma
-a----        20/02/2024     15:01            556 .env
-a----        20/02/2024     14:18             70 .gitignore
-a----        26/02/2024     10:11           2659 app.js
-a----        20/02/2024     15:03           4171 instalacoes-configuracoes-dependencias.log
-a----        20/02/2024     14:22          30464 package-lock.json
-a----        20/02/2024     14:22            163 package.json


PS E:\POS GRADUAÇÃO  UNIFECAF\grade nova\PROGRAMACAO BACK-END\PROJETO_CONTATOS_FECAF> node .\app.js
API funcionando e aguardando novas requisições...
body-parser deprecated bodyParser: use individual json/urlencoded middlewares node_modules\express\lib\router\layer.js:95:5
body-parser deprecated undefined extended: provide extended option node_modules\body-parser\index.js:104:29
PS E:\POS GRADUAÇÃO  UNIFECAF\grade nova\PROGRAMACAO BACK-END\PROJETO_CONTATOS_FECAF> node .\app.js
API funcionando e aguardando novas requisições...
body-parser deprecated bodyParser: use individual json/urlencoded middlewares node_modules\express\lib\router\layer.js:95:5
body-parser deprecated undefined extended: provide extended option node_modules\body-parser\index.js:104:29
PS E:\POS GRADUAÇÃO  UNIFECAF\grade nova\PROGRAMACAO BACK-END\PROJETO_CONTATOS_FECAF> node .\app.js
API funcionando e aguardando novas requisições...
{
  nome: 'Edeson Barbosa',
  cpf: '5004567899',
  email: 'edeson@gmail.com'
}
E:\POS GRADUAÇÃO  UNIFECAF\grade nova\PROGRAMACAO BACK-END\PROJETO_CONTATOS_FECAF\controller\controllerContato.js:35
    if(contato.nome == '' || contato.nome == undefined || contato.cpf == '' || contato.cpf == undefined  || contato.email == '' || contato.email == undefined)    ^

ReferenceError: contato is not defined
    at Object.setNewContatos (E:\POS GRADUAÇÃO  UNIFECAF\grade nova\PROGRAMACAO BACK-END\PROJETO_CONTATOS_FECAF\controller\controllerContato.js:35:5)
    at E:\POS GRADUAÇÃO  UNIFECAF\grade nova\PROGRAMACAO BACK-END\PROJETO_CONTATOS_FECAF\app.js:70:37
    at Layer.handle [as handle_request] (E:\POS GRADUAÇÃO  UNIFECAF\grade nova\PROGRAMACAO BACK-END\PROJETO_CONTATOS_FECAF\node_modules\express\lib\router\layer.js:95:5)
    at next (E:\POS GRADUAÇÃO  UNIFECAF\grade nova\PROGRAMACAO BACK-END\PROJETO_CONTATOS_FECAF\node_modules\express\lib\router\route.js:144:13)
    at E:\POS GRADUAÇÃO  UNIFECAF\grade nova\PROGRAMACAO BACK-END\PROJETO_CONTATOS_FECAF\node_modules\body-parser\lib\read.js:137:5
    at AsyncResource.runInAsyncScope (node:async_hooks:206:9)
    at invokeCallback (E:\POS GRADUAÇÃO  UNIFECAF\grade nova\PROGRAMACAO BACK-END\PROJETO_CONTATOS_FECAF\node_modules\raw-body\index.js:238:16)
    at done (E:\POS GRADUAÇÃO  UNIFECAF\grade nova\PROGRAMACAO BACK-END\PROJETO_CONTATOS_FECAF\node_modules\raw-body\index.js:227:7)
    at IncomingMessage.onEnd (E:\POS GRADUAÇÃO  UNIFECAF\grade nova\PROGRAMACAO BACK-END\PROJETO_CONTATOS_FECAF\node_modules\raw-body\index.js:287:7)
    at IncomingMessage.emit (node:events:518:28)

Node.js v20.11.0
PS E:\POS GRADUAÇÃO  UNIFECAF\grade nova\PROGRAMACAO BACK-END\PROJETO_CONTATOS_FECAF> node .\app.js
API funcionando e aguardando novas requisições...
{
  nome: 'Edeson Barbosa',
  cpf: '5004567899',
  email: 'edeson@gmail.com'
}
E:\POS GRADUAÇÃO  UNIFECAF\grade nova\PROGRAMACAO BACK-END\PROJETO_CONTATOS_FECAF\controller\controllerContato.js:35
    if(contato.nome == '' || contato.nome == undefined || contato.cpf == '' || contato.cpf == undefined  || contato.email == '' || contato.email == undefined){
    ^

ReferenceError: contato is not defined
    at Object.setNewContatos (E:\POS GRADUAÇÃO  UNIFECAF\grade nova\PROGRAMACAO BACK-END\PROJETO_CONTATOS_FECAF\controller\controllerContato.js:35:5)
    at E:\POS GRADUAÇÃO  UNIFECAF\grade nova\PROGRAMACAO BACK-END\PROJETO_CONTATOS_FECAF\app.js:70:37
    at Layer.handle [as handle_request] (E:\POS GRADUAÇÃO  UNIFECAF\grade nova\PROGRAMACAO BACK-END\PROJETO_CONTATOS_FECAF\node_modules\express\lib\router\layer.js:95:5)
    at next (E:\POS GRADUAÇÃO  UNIFECAF\grade nova\PROGRAMACAO BACK-END\PROJETO_CONTATOS_FECAF\node_modules\express\lib\router\route.js:144:13)
    at E:\POS GRADUAÇÃO  UNIFECAF\grade nova\PROGRAMACAO BACK-END\PROJETO_CONTATOS_FECAF\node_modules\body-parser\lib\read.js:137:5
    at AsyncResource.runInAsyncScope (node:async_hooks:206:9)
    at invokeCallback (E:\POS GRADUAÇÃO  UNIFECAF\grade nova\PROGRAMACAO BACK-END\PROJETO_CONTATOS_FECAF\node_modules\raw-body\index.js:238:16)
    at done (E:\POS GRADUAÇÃO  UNIFECAF\grade nova\PROGRAMACAO BACK-END\PROJETO_CONTATOS_FECAF\node_modules\raw-body\index.js:227:7)
    at IncomingMessage.onEnd (E:\POS GRADUAÇÃO  UNIFECAF\grade nova\PROGRAMACAO BACK-END\PROJETO_CONTATOS_FECAF\node_modules\raw-body\index.js:287:7)
    at IncomingMessage.emit (node:events:518:28)

Node.js v20.11.0
PS E:\POS GRADUAÇÃO  UNIFECAF\grade nova\PROGRAMACAO BACK-END\PROJETO_CONTATOS_FECAF> node .\app.js
API funcionando e aguardando novas requisições...
{
  nome: 'Edeson Barbosa',  
  cpf: '5004567899',       
  email: 'edeson@gmail.com'
}
E:\POS GRADUAÇÃO  UNIFECAF\grade nova\PROGRAMACAO BACK-END\PROJETO_CONTATOS_FECAF\node_modules\@prisma\client\runtime\library.js:123
`)}var zi=({clientMethod:e,activeProvider:r})=>t=>{let n="",i;if(Array.isArray(t)){let[o,...s]=t;n=o,i={values:Tt(s||[]),__prismaRawParameters__:!0}}else switch(r){case"sqlite":case"mysql":{n=t.sql,i={values:Tt(t.values),__prismaRawParameters__:!0};break}case"cockroachdb":case"postgresql":case"postgres":{n=t.text,i={values:Tt(t.values),__prismaRawParameters__:!0};break}case"sqlserver":{n=Za(t),i={values:Tt(t.values),__prismaRawParameters__:!0};break}default:throw new Error(`The ${r} provider does not support ${e}`)}return i?.values?tl(`prisma.${e}(${n}, ${i.values})`):tl(`prisma.${e}(${n})`),{query:n,parameters:i}},nl={requestArgsToMiddlewareArgs(e){return[e.strings,...e.values]},middlewareArgsToRequestArgs(e){let[r,...t]=e;return new oe(r,t)}},il={requestArgsToMiddlewareArgs(e){return[e]},middlewareArgsToRequestArgs(e){return e[0]}};function Yi(e){return function(t){let n,i=(o=e)=>{try{return o===void 0||o?.kind==="itx"?n??(n=ol(t(o))):ol(t(o))}catch(s){return Promise.reject(s)}};return{then(o,s){return i().then(o,s)},catch(o){return i().catch(o)},finally(o){return i().finally(o)},requestTransaction(o){let s=i(o);return s.requestTransaction?s.requestTransaction(o):s},[Symbol.toStringTag]:"PrismaPromise"}}}function ol(e){return typeof e.then=="function"?e:Promise.resolve(e)}var sl={isEnabled(){return!1},getTraceParent(){return"00-10-10-00"},async createEngineSpan(){},getActiveContext(){},runInChildSpan(e,r){return r()}},Zi=class{isEnabled(){return this.getGlobalTracingHelper().isEnabled()}getTraceParent(r){return this.getGlobalTracingHelper().getTraceParent(r)}createEngineSpan(r){return this.getGlobalTracingHelper().createEngineSpan(r)}getActiveContext(){return this.getGlobalTracingHelper().getActiveContext()}runInChildSpan(r,t){return this.getGlobalTracingHelper().runInChildSpan(r,t)}getGlobalTracingHelper(){return globalThis.PRISMA_INSTRUMENTATION?.helper??sl}};function al(e){return e.includes("tracing")?new Zi:sl}function ll(e,r=()=>{}){let t,n=new Promise(i=>t=i);return{then(i){return--e===0&&t(r()),i?.(n)}}}var jm=["$connect","$disconnect","$on","$transaction","$use","$extends"],ul=jm;function cl(e){return typeof e=="string"?e:e.reduce((r,t)=>{let n=typeof t=="string"?t:t.level;return n==="query"?r:r&&(t==="info"||r==="info")?"info":n},void 0)}var Cn=class{constructor(){this._middlewares=[]}use(r){this._middlewares.push(r)}get(r){return this._middlewares[r]}has(r){return!!this._middlewares[r]}length(){return this._middlewares.length}};var ml=_(ai());function Sn(e){return typeof 
e.batchRequestIdx=="number"}function Rn(e){return e===null?e:Array.isArray(e)?e.map(Rn):typeof e=="object"?Um(e)?Qm(e):gr(e,Rn):e}function Um(e){return e!==null&&typeof e=="object"&&typeof e.$type=="string"}function Qm({$type:e,value:r}){switch(e){case"BigInt":return BigInt(r);case"Bytes":return Buffer.from(r,"base64");case"DateTime":return new Date(r);case"Decimal":return new Te(r);case"Json":return JSON.parse(r);default:rr(r,"Unknown tagged value")}}function pl(e){if(e.action!=="findUnique"&&e.action!=="findUniqueOrThrow")return;let r=[];return e.modelName&&r.push(e.modelName),e.query.arguments&&r.push(Xi(e.query.arguments)),r.push(Xi(e.query.selection)),r.join("")}function Xi(e){return`(${Object.keys(e).sort().map(t=>{let n=e[t];return typeof n=="object"&&n!==null?`(${t} ${Xi(n)})`:t}).join(" ")})`}var Gm={aggregate:!1,aggregateRaw:!1,createMany:!0,createOne:!0,deleteMany:!0,deleteOne:!0,executeRaw:!0,findFirst:!1,findFirstOrThrow:!1,findMany:!1,findRaw:!1,findUnique:!1,findUniqueOrThrow:!1,groupBy:!1,queryRaw:!1,runCommandRaw:!0,updateMany:!0,updateOne:!0,upsertOne:!0};function eo(e){return Gm[e]}var An=class{constructor(r){this.options=r;this.tickActive=!1;this.batches={}}request(r){let t=this.options.batchBy(r);return t?(this.batches[t]||(this.batches[t]=[],this.tickActive||(this.tickActive=!0,process.nextTick(()=>{this.dispatchBatches(),this.tickActive=!1}))),new Promise((n,i)=>{this.batches[t].push({request:r,resolve:n,reject:i})})):this.options.singleLoader(r)}dispatchBatches(){for(let r in this.batches){let t=this.batches[r];delete this.batches[r],t.length===1?this.options.singleLoader(t[0].request).then(n=>{n instanceof Error?t[0].reject(n):t[0].resolve(n)}).catch(n=>{t[0].reject(n)}):(t.sort((n,i)=>this.options.batchOrder(n.request,i.request)),this.options.batchLoader(t.map(n=>n.request)).then(n=>{if(n instanceof Error)for(let i=0;i<t.length;i++)t[i].reject(n);else for(let i=0;i<t.length;i++){let o=n[i];o instanceof Error?t[i].reject(o):t[i].resolve(o)}}).catch(n=>{for(let i=0;i<t.length;i++)t[i].reject(n)}))}}get[Symbol.toStringTag](){return"DataLoader"}};var Jm=N("prisma:client:request_handler"),In=class{constructor(r,t){this.logEmitter=t,this.client=r,this.dataloader=new An({batchLoader:ta(async({requests:n,customDataProxyFetch:i})=>{let{transaction:o,otelParentCtx:s}=n[0],a=n.map(p=>p.protocolQuery),l=this.client._tracingHelper.getTraceParent(s),u=n.some(p=>eo(p.protocolQuery.action));return(await this.client._engine.requestBatch(a,{traceparent:l,transaction:Hm(o),containsWrite:u,customDataProxyFetch:i})).map((p,m)=>{if(p instanceof Error)return p;try{return this.mapQueryEngineResult(n[m],p)}catch(f){return f}})}),singleLoader:async n=>{let i=n.transaction?.kind==="itx"?dl(n.transaction):void 0,o=await this.client._engine.request(n.protocolQuery,{traceparent:this.client._tracingHelper.getTraceParent(),interactiveTransaction:i,isWrite:eo(n.protocolQuery.action),customDataProxyFetch:n.customDataProxyFetch});return this.mapQueryEngineResult(n,o)},batchBy:n=>n.transaction?.id?`transaction-${n.transaction.id}`:pl(n.protocolQuery),batchOrder(n,i){return n.transaction?.kind==="batch"&&i.transaction?.kind==="batch"?n.transaction.index-i.transaction.index:0}})}async request(r){try{return await this.dataloader.request(r)}catch(t){let{clientMethod:n,callsite:i,transaction:o,args:s,modelName:a}=r;this.handleAndLogRequestError({error:t,clientMethod:n,callsite:i,transaction:o,args:s,modelName:a})}}mapQueryEngineResult({dataPath:r,unpacker:t},n){let i=n?.data,o=n?.elapsed,s=this.unpack(i,r,t);return process.env.PRISMA_CLIENT_GET_TIME?{data:s,elapsed:o}:s}handleAndLogRequestError(r){try{this.handleRequestError(r)}catch(t){throw this.logEmitter&&this.logEmitter.emit("error",{message:t.message,target:r.clientMethod,timestamp:new Date}),t}}handleRequestError({error:r,clientMethod:t,callsite:n,transaction:i,args:o,modelName:s}){if(Jm(r),Wm(r,i)||r instanceof Le)throw r;if(r instanceof V&&Km(r)){let l=fl(r.meta);Tn({args:o,errors:[l],callsite:n,errorFormat:this.client._errorFormat,originalMethod:t,clientVersion:this.client._clientVersion})}let a=r.message;if(n&&(a=Rr({callsite:n,originalMethod:t,isPanic:r.isPanic,showColors:this.client._errorFormat==="pretty",message:a})),a=this.sanitizeMessage(a),r.code){let l=s?{modelName:s,...r.meta}:r.meta;throw new V(a,{code:r.code,clientVersion:this.client._clientVersion,meta:l,batchRequestIdx:r.batchRequestIdx})}else{if(r.isPanic)throw new ue(a,this.client._clientVersion);if(r instanceof j)throw new j(a,{clientVersion:this.client._clientVersion,batchRequestIdx:r.batchRequestIdx});if(r instanceof S)throw new S(a,this.client._clientVersion);if(r instanceof ue)throw new ue(a,this.client._clientVersion)}throw r.clientVersion=this.client._clientVersion,r}sanitizeMessage(r){return this.client._errorFormat&&this.client._errorFormat!=="pretty"?(0,ml.default)(r):r}unpack(r,t,n){if(!r||(r.data&&(r=r.data),!r))return r;let i=Object.values(r)[0],o=t.filter(a=>a!=="select"&&a!=="include"),s=Rn(Ri(i,o));return n?n(s):s}get[Symbol.toStringTag](){return"RequestHandler"}};function Hm(e){if(e){if(e.kind==="batch")return{kind:"batch",options:{isolationLevel:e.isolationLevel}};if(e.kind==="itx")return{kind:"itx",options:dl(e)};rr(e,"Unknown transaction kind")}}function dl(e){return{id:e.id,payload:e.payload}}function Wm(e,r){return Sn(e)&&r?.kind==="batch"&&e.batchRequestIdx!==r.index}function Km(e){return e.code==="P2009"||e.code==="P2012"}function fl(e){if(e.kind==="Union")return{kind:"Union",errors:e.errors.map(fl)};if(Array.isArray(e.selectionPath)){let[,...r]=e.selectionPath;return{...e,selectionPath:r}}return e}var gl="5.10.0";var hl=gl;function yl(e){return e.map(r=>{let t={};for(let n of Object.keys(r))t[n]=El(r[n]);return t})}function El({prisma__type:e,prisma__value:r}){switch(e){case"bigint":return BigInt(r);case"bytes":return Buffer.from(r,"base64");case"decimal":return new Te(r);case"datetime":case"date":return new Date(r);case"time":return new Date(`1970-01-01T${r}Z`);case"array":return r.map(El);default:return r}}var Pl=_(Ji());var q=class extends Error{constructor(r){super(r+`








PrismaClientKnownRequestError:
Invalid `prisma.$executeRawUnsafe()` invocation:


Raw query failed. Code: `1064`. Message: `You have an error in your SQL syntax; check the manual that corresponds to your MariaDB server version for the right syntax to use near 'isert into tbl_contatos (nome, cpf, email) values ('Edeson Barbosa', '5004567...' at line 1`
    at In.handleRequestError (E:\POS GRADUAÇÃO  UNIFECAF\grade nova\PROGRAMACAO BACK-END\PROJETO_CONTATOS_FECAF\node_modules\@prisma\client\runtime\library.js:123:6854)
    at In.handleAndLogRequestError (E:\POS GRADUAÇÃO  UNIFECAF\grade nova\PROGRAMACAO BACK-END\PROJETO_CONTATOS_FECAF\node_modules\@prisma\client\runtime\library.js:123:6188)
    at In.request (E:\POS GRADUAÇÃO  UNIFECAF\grade nova\PROGRAMACAO BACK-END\PROJETO_CONTATOS_FECAF\node_modules\@prisma\client\runtime\library.js:123:5896) 
    at async l (E:\POS GRADUAÇÃO  UNIFECAF\grade nova\PROGRAMACAO BACK-END\PROJETO_CONTATOS_FECAF\node_modules\@prisma\client\runtime\library.js:128:10871)   
    at async Object.insertContatos (E:\POS GRADUAÇÃO  UNIFECAF\grade nova\PROGRAMACAO BACK-END\PROJETO_CONTATOS_FECAF\model\DAO\contatoDAO.js:41:18) {        
  code: 'P2010',
  clientVersion: '5.10.0',
  meta: {
    code: '1064',
    message: "You have an error in your SQL syntax; check the manual that corresponds to your MariaDB server version for the right syntax to use near 'isert into tbl_contatos (nome, cpf, email) values ('Edeson Barbosa', '5004567...' at line 1"
  }

Node.js v20.11.0
PS E:\POS GRADUAÇÃO  UNIFECAF\grade nova\PROGRAMACAO BACK-END\PROJETO_CONTATOS_FECAF>








                                                                                      a^C
PS E:\POS GRADUAÇÃO  UNIFECAF\grade nova\PROGRAMACAO BACK-END\PROJETO_CONTATOS_FECAF> node .\app.js
API funcionando e aguardando novas requisições...
{
  nome: 'Edeson Barbosa',
  cpf: '5004567899',
  email: 'edeson@gmail.com'
}
PS E:\POS GRADUAÇÃO  UNIFECAF\grade nova\PROGRAMACAO BACK-END\PROJETO_CONTATOS_FECAF> node .\app.js
API funcionando e aguardando novas requisições...
PS E:\POS GRADUAÇÃO  UNIFECAF\grade nova\PROGRAMACAO BACK-END\PROJETO_CONTATOS_FECAF>